2026-05-01 09:26:30,291 [INFO] ==================================================
2026-05-01 09:26:30,291 [INFO] 2GM Varme backend starter
2026-05-01 09:26:30,292 [INFO] Port: 8765
2026-05-01 09:26:30,292 [INFO] Enhet: Frank's device AC
2026-05-01 09:26:30,292 [INFO] Koordinater: 69.2333, 17.9833
2026-05-01 09:26:30,293 [INFO] ==================================================
2026-05-01 09:26:30,293 [WARNING] ADVARSEL: SENSIBO_API_KEY ikke satt i .env!
2026-05-01 09:26:30,642 [ERROR] Sensibo GET /pods: 403 Client Error: Forbidden for url: https://home.sensibo.com/api/v2/pods?fields=id%2Croom&apiKey=
2026-05-01 09:26:30,909 [INFO] met.no: ute=7.4°C
2026-05-01 09:26:31,219 [ERROR] Sensibo GET /pods: 403 Client Error: Forbidden for url: https://home.sensibo.com/api/v2/pods?fields=id%2Croom&apiKey=
2026-05-01 09:26:31,747 [INFO] Server kjører på http://0.0.0.0:8765
2026-05-01 09:26:56,536 [ERROR] Sensibo GET /pods: 403 Client Error: Forbidden for url: https://home.sensibo.com/api/v2/pods?fields=id%2Croom&apiKey=
2026-05-01 09:27:21,896 [ERROR] Sensibo GET /pods: 403 Client Error: Forbidden for url: https://home.sensibo.com/api/v2/pods?fields=id%2Croom&apiKey=
2026-05-01 09:27:47,229 [ERROR] Sensibo GET /pods: 403 Client Error: Forbidden for url: https://home.sensibo.com/api/v2/pods?fields=id%2Croom&apiKey=
2026-05-01 09:27:51,333 [INFO] Server stoppet
2026-05-01 09:28:09,519 [INFO] ==================================================
2026-05-01 09:28:09,519 [INFO] 2GM Varme backend starter
2026-05-01 09:28:09,521 [INFO] Port: 8765
2026-05-01 09:28:09,522 [INFO] Enhet: Frank's device AC
2026-05-01 09:28:09,523 [INFO] Koordinater: 69.2333, 17.9833
2026-05-01 09:28:09,523 [INFO] ==================================================
2026-05-01 09:28:10,207 [ERROR] Sensibo GET /pods: 404 Client Error: Not Found for url: https://home.sensibo.com/api/v2/pods?fields=id%2Croom&apiKey=T9buFlkcOMEyxHJSjhQlgirJRatBmp
2026-05-01 09:28:10,441 [INFO] met.no: ute=7.4°C
2026-05-01 09:28:10,785 [ERROR] Sensibo GET /pods: 404 Client Error: Not Found for url: https://home.sensibo.com/api/v2/pods?fields=id%2Croom&apiKey=T9buFlkcOMEyxHJSjhQlgirJRatBmp
2026-05-01 09:28:11,277 [INFO] Server kjører på http://0.0.0.0:8765
2026-05-01 09:28:36,143 [ERROR] Sensibo GET /pods: 404 Client Error: Not Found for url: https://home.sensibo.com/api/v2/pods?fields=id%2Croom&apiKey=T9buFlkcOMEyxHJSjhQlgirJRatBmp
2026-05-01 09:29:01,453 [ERROR] Sensibo GET /pods: 404 Client Error: Not Found for url: https://home.sensibo.com/api/v2/pods?fields=id%2Croom&apiKey=T9buFlkcOMEyxHJSjhQlgirJRatBmp
2026-05-01 09:29:25,857 [INFO] Server stoppet
2026-05-01 09:29:28,395 [INFO] ==================================================
2026-05-01 09:29:28,397 [INFO] 2GM Varme backend starter
2026-05-01 09:29:28,400 [INFO] Port: 8765
2026-05-01 09:29:28,400 [INFO] Enhet: Frank's device AC
2026-05-01 09:29:28,401 [INFO] Koordinater: 69.2333, 17.9833
2026-05-01 09:29:28,402 [INFO] ==================================================
2026-05-01 09:29:28,862 [WARNING] Bruker første enhet: bCCMwLk4
2026-05-01 09:29:29,178 [ERROR] Sensibo GET /users/me/pods/bCCMwLk4: 404 Client Error: Not Found for url: https://home.sensibo.com/api/v2/users/me/pods/bCCMwLk4?fields=measurements%2CacState&apiKey=T9buFlkcOMEyxHJSjhQlgirJRatBmp
2026-05-01 09:29:29,375 [INFO] met.no: ute=7.4°C
2026-05-01 09:29:30,218 [INFO] Server kjører på http://0.0.0.0:8765
2026-05-01 09:29:30,764 [ERROR] Sensibo GET /users/me/pods/bCCMwLk4: 404 Client Error: Not Found for url: https://home.sensibo.com/api/v2/users/me/pods/bCCMwLk4?fields=measurements%2CacState&apiKey=T9buFlkcOMEyxHJSjhQlgirJRatBmp
2026-05-01 09:29:56,106 [ERROR] Sensibo GET /users/me/pods/bCCMwLk4: 404 Client Error: Not Found for url: https://home.sensibo.com/api/v2/users/me/pods/bCCMwLk4?fields=measurements%2CacState&apiKey=T9buFlkcOMEyxHJSjhQlgirJRatBmp
2026-05-01 09:30:08,264 [INFO] Server stoppet
2026-05-01 09:30:12,080 [INFO] ==================================================
2026-05-01 09:30:12,080 [INFO] 2GM Varme backend starter
2026-05-01 09:30:12,083 [INFO] Port: 8765
2026-05-01 09:30:12,083 [INFO] Enhet: Frank's device AC
2026-05-01 09:30:12,084 [INFO] Koordinater: 69.2333, 17.9833
2026-05-01 09:30:12,087 [INFO] ==================================================
2026-05-01 09:30:12,508 [WARNING] Bruker første enhet: bCCMwLk4
2026-05-01 09:30:12,861 [ERROR] Sensibo GET /users/me/pods/bCCMwLk4: 404 Client Error: Not Found for url: https://home.sensibo.com/api/v2/users/me/pods/bCCMwLk4?fields=measurements%2CacState&apiKey=T9buFlkcOMEyxHJSjhQlgirJRatBmp
2026-05-01 09:30:13,056 [INFO] met.no: ute=7.4°C
2026-05-01 09:30:13,455 [ERROR] Sensibo GET /users/me/pods/bCCMwLk4: 404 Client Error: Not Found for url: https://home.sensibo.com/api/v2/users/me/pods/bCCMwLk4?fields=measurements%2CacState&apiKey=T9buFlkcOMEyxHJSjhQlgirJRatBmp
2026-05-01 09:30:13,893 [INFO] Server kjører på http://0.0.0.0:8765
2026-05-01 09:30:39,431 [ERROR] Sensibo GET /users/me/pods/bCCMwLk4: 404 Client Error: Not Found for url: https://home.sensibo.com/api/v2/users/me/pods/bCCMwLk4?fields=measurements%2CacState&apiKey=T9buFlkcOMEyxHJSjhQlgirJRatBmp
2026-05-01 09:30:41,927 [INFO] Server stoppet
2026-05-01 09:31:29,335 [INFO] ==================================================
2026-05-01 09:31:29,336 [INFO] 2GM Varme backend starter
2026-05-01 09:31:29,338 [INFO] Port: 8765
2026-05-01 09:31:29,339 [INFO] Enhet: Frank's device AC
2026-05-01 09:31:29,340 [INFO] Koordinater: 69.2333, 17.9833
2026-05-01 09:31:29,340 [INFO] ==================================================
2026-05-01 09:31:29,801 [WARNING] Bruker første enhet: bCCMwLk4
2026-05-01 09:31:30,146 [INFO] Sensibo: 12.1°C, 62.9%, AC=Av
2026-05-01 09:31:30,335 [INFO] met.no: ute=7.4°C
2026-05-01 09:31:31,168 [INFO] Server kjører på http://0.0.0.0:8765
2026-05-01 09:32:20,672 [INFO] Sensibo: 12.1°C, 62.9%, AC=Av
2026-05-01 09:33:11,050 [INFO] Sensibo: 12.1°C, 62.9%, AC=Av
2026-05-01 09:34:01,368 [INFO] Sensibo: 12.1°C, 62.9%, AC=Av
2026-05-01 09:34:51,745 [INFO] Sensibo: 12.1°C, 62.9%, AC=Av
2026-05-01 09:35:17,930 [INFO] Server stoppet
2026-05-01 09:35:20,585 [INFO] ==================================================
2026-05-01 09:35:20,586 [INFO] 2GM Varme backend starter
2026-05-01 09:35:20,589 [INFO] Port: 8765
2026-05-01 09:35:20,590 [INFO] Enhet: Frank's device AC
2026-05-01 09:35:20,591 [INFO] Koordinater: 69.2333, 17.9833
2026-05-01 09:35:20,592 [INFO] ==================================================
2026-05-01 09:35:20,966 [WARNING] Bruker første enhet: bCCMwLk4
2026-05-01 09:35:21,295 [INFO] Sensibo: 12.1°C, 62.9%, AC=Av
2026-05-01 09:35:21,542 [INFO] met.no: ute=7.4°C
2026-05-01 09:35:22,385 [INFO] Server kjører på http://0.0.0.0:8765
2026-05-01 09:36:11,926 [INFO] Sensibo: 12.1°C, 62.9%, AC=Av
2026-05-01 09:36:53,484 [INFO] Server stoppet
2026-05-01 09:38:34,273 [INFO] ==================================================
2026-05-01 09:38:34,274 [INFO] 2GM Varme backend starter
2026-05-01 09:38:34,276 [INFO] Port: 8765
2026-05-01 09:38:34,278 [INFO] Enhet: Frank's device AC
2026-05-01 09:38:34,278 [INFO] Koordinater: 69.2333, 17.9833
2026-05-01 09:38:34,279 [INFO] ==================================================
2026-05-01 09:38:34,743 [WARNING] Bruker første enhet: bCCMwLk4
2026-05-01 09:38:35,086 [INFO] Sensibo rådata measurements: {'time': {'time': '2024-04-14T09:43:06.611571Z', 'secondsAgo': 64533328}, 'temperature': 12.1, 'humidity': 62.9, 'feelsLike': 12.1, 'rssi': -64}
2026-05-01 09:38:35,087 [INFO] Sensibo rådata acState: {'timestamp': {'time': '2026-05-01T07:38:35.233151Z', 'secondsAgo': 0}, 'on': False, 'mode': 'heat', 'targetTemperature': 10, 'temperatureUnit': 'C', 'fanLevel': 'medium', 'swing': 'stopped'}
2026-05-01 09:38:35,089 [INFO] Sensibo: 12.1°C, 62.9%, AC=Av
2026-05-01 09:38:35,326 [INFO] met.no: ute=7.4°C
2026-05-01 09:38:36,161 [INFO] Server kjører på http://0.0.0.0:8765
2026-05-01 09:39:25,687 [INFO] Sensibo rådata measurements: {'time': {'time': '2024-04-14T09:43:06.611571Z', 'secondsAgo': 64533379}, 'temperature': 12.1, 'humidity': 62.9, 'feelsLike': 12.1, 'rssi': -64}
2026-05-01 09:39:25,688 [INFO] Sensibo rådata acState: {'timestamp': {'time': '2026-05-01T07:39:25.836069Z', 'secondsAgo': 0}, 'on': False, 'mode': 'heat', 'targetTemperature': 10, 'temperatureUnit': 'C', 'fanLevel': 'medium', 'swing': 'stopped'}
2026-05-01 09:39:25,689 [INFO] Sensibo: 12.1°C, 62.9%, AC=Av
2026-05-01 09:40:16,083 [INFO] Sensibo rådata measurements: {'time': {'time': '2024-04-14T09:43:06.611571Z', 'secondsAgo': 64533429}, 'temperature': 12.1, 'humidity': 62.9, 'feelsLike': 12.1, 'rssi': -64}
2026-05-01 09:40:16,084 [INFO] Sensibo rådata acState: {'timestamp': {'time': '2026-05-01T07:40:16.227169Z', 'secondsAgo': 0}, 'on': False, 'mode': 'heat', 'targetTemperature': 10, 'temperatureUnit': 'C', 'fanLevel': 'medium', 'swing': 'stopped'}
2026-05-01 09:40:16,084 [INFO] Sensibo: 12.1°C, 62.9%, AC=Av
2026-05-01 09:40:32,296 [INFO] Server stoppet
2026-05-01 09:40:35,285 [INFO] ==================================================
2026-05-01 09:40:35,286 [INFO] 2GM Varme backend starter
2026-05-01 09:40:35,291 [INFO] Port: 8765
2026-05-01 09:40:35,293 [INFO] Enhet: Frank's device AC
2026-05-01 09:40:35,295 [INFO] Koordinater: 69.2333, 17.9833
2026-05-01 09:40:35,296 [INFO] ==================================================
2026-05-01 09:40:35,788 [WARNING] Bruker første enhet: bCCMwLk4
2026-05-01 09:40:36,231 [INFO] Sensibo rådata measurements: {"time": {"time": "2024-04-14T09:43:06.611571Z", "secondsAgo": 64533449}, "temperature": 12.1, "humidity": 62.9, "feelsLike": 12.1, "rssi": -64}
2026-05-01 09:40:36,232 [INFO] Sensibo rådata acState: {"timestamp": {"time": "2026-05-01T07:40:36.278414Z", "secondsAgo": 0}, "on": false, "mode": "heat", "targetTemperature": 10, "temperatureUnit": "C", "fanLevel": "medium", "swing": "stopped"}
2026-05-01 09:40:36,237 [INFO] Sensibo: 12.1°C, 62.9%, AC=Av
2026-05-01 09:40:36,572 [ERROR] Sensibo GET /pods/FTKRATUUWC: 404 Client Error: Not Found for url: https://home.sensibo.com/api/v2/pods/FTKRATUUWC?fields=measurements&apiKey=T9buFlkcOMEyxHJSjhQlgirJRatBmp
2026-05-01 09:40:36,790 [INFO] met.no: ute=7.4°C
2026-05-01 09:40:37,628 [INFO] Server kjører på http://0.0.0.0:8765
2026-05-01 09:41:27,183 [INFO] Sensibo rådata measurements: {"time": {"time": "2024-04-14T09:43:06.611571Z", "secondsAgo": 64533500}, "temperature": 12.1, "humidity": 62.9, "feelsLike": 12.1, "rssi": -64}
2026-05-01 09:41:27,184 [INFO] Sensibo rådata acState: {"timestamp": {"time": "2026-05-01T07:41:27.291087Z", "secondsAgo": 0}, "on": false, "mode": "heat", "targetTemperature": 10, "temperatureUnit": "C", "fanLevel": "medium", "swing": "stopped"}
2026-05-01 09:41:27,188 [INFO] Sensibo: 12.1°C, 62.9%, AC=Av
2026-05-01 09:41:27,495 [ERROR] Sensibo GET /pods/FTKRATUUWC: 404 Client Error: Not Found for url: https://home.sensibo.com/api/v2/pods/FTKRATUUWC?fields=measurements&apiKey=T9buFlkcOMEyxHJSjhQlgirJRatBmp
2026-05-01 09:41:46,713 [INFO] Server stoppet
2026-05-01 09:41:49,218 [INFO] ==================================================
2026-05-01 09:41:49,222 [INFO] 2GM Varme backend starter
2026-05-01 09:41:49,225 [INFO] Port: 8765
2026-05-01 09:41:49,225 [INFO] Enhet: Frank's device AC
2026-05-01 09:41:49,227 [INFO] Koordinater: 69.2333, 17.9833
2026-05-01 09:41:49,228 [INFO] ==================================================
2026-05-01 09:41:49,758 [WARNING] Bruker første enhet: bCCMwLk4
2026-05-01 09:41:50,158 [INFO] Sensibo rådata measurements: {"time": {"time": "2024-04-14T09:43:06.611571Z", "secondsAgo": 64533523}, "temperature": 12.1, "humidity": 62.9, "feelsLike": 12.1, "rssi": -64}
2026-05-01 09:41:50,159 [INFO] Sensibo rådata acState: {"timestamp": {"time": "2026-05-01T07:41:50.253378Z", "secondsAgo": 0}, "on": false, "mode": "heat", "targetTemperature": 10, "temperatureUnit": "C", "fanLevel": "medium", "swing": "stopped"}
2026-05-01 09:41:50,165 [INFO] Sensibo: 12.1°C, 62.9%, AC=Av
2026-05-01 09:41:50,612 [INFO] Pod nøkler: ['id', 'qrId', 'temperatureUnit', 'room', 'acState', 'lastStateChange', 'lastStateChangeToOn', 'lastStateChangeToOff', 'location', 'connectionStatus', 'firmwareVersion', 'firmwareType', 'productModel', 'configGroup', 'currentlyAvailableFirmwareVersion', 'cleanFiltersNotificationEnabled', 'shouldShowFilterCleaningNotification', 'isGeofenceOnExitEnabled', 'isClimateReactGeofenceOnExitEnabled', 'isMotionGeofenceOnExitEnabled', 'isCalibrating', 'serial', 'sensorsCalibration', 'motionSensors', 'tags', 'timer', 'schedules', 'motionConfig', 'doorConfig', 'filtersCleaning', 'serviceSubscriptions', 'roomIsOccupied', 'mainMeasurementsSensor', 'pureBoostConfig', 'warrantyEligible', 'warrantyEligibleUntil', 'features', 'lastHealthcheck', 'homekitSupported', 'remoteCapabilities', 'remote', 'remoteFlavor', 'remoteAlternatives', 'sensiboRemote', 'smartMode', 'measurements', 'accessPoint', 'macAddress', 'autoOffMinutes', 'autoOffEnabled', 'antiMoldTimer', 'antiMoldConfig', 'powerConsumption', 'acType', 'lastRunEnergyConsumption', 'acUsage', 'optimusEnabled', 'optimusInsights', 'organization', 'hasPolicy']
2026-05-01 09:41:50,843 [INFO] met.no: ute=7.4°C
2026-05-01 09:41:51,676 [INFO] Server kjører på http://0.0.0.0:8765
2026-05-01 09:42:41,342 [INFO] Sensibo rådata measurements: {"time": {"time": "2024-04-14T09:43:06.611571Z", "secondsAgo": 64533574}, "temperature": 12.1, "humidity": 62.9, "feelsLike": 12.1, "rssi": -64}
2026-05-01 09:42:41,343 [INFO] Sensibo rådata acState: {"timestamp": {"time": "2026-05-01T07:42:41.387863Z", "secondsAgo": 0}, "on": false, "mode": "heat", "targetTemperature": 10, "temperatureUnit": "C", "fanLevel": "medium", "swing": "stopped"}
2026-05-01 09:42:41,346 [INFO] Sensibo: 12.1°C, 62.9%, AC=Av
2026-05-01 09:42:41,741 [INFO] Pod nøkler: ['id', 'qrId', 'temperatureUnit', 'room', 'acState', 'lastStateChange', 'lastStateChangeToOn', 'lastStateChangeToOff', 'location', 'connectionStatus', 'firmwareVersion', 'firmwareType', 'productModel', 'configGroup', 'currentlyAvailableFirmwareVersion', 'cleanFiltersNotificationEnabled', 'shouldShowFilterCleaningNotification', 'isGeofenceOnExitEnabled', 'isClimateReactGeofenceOnExitEnabled', 'isMotionGeofenceOnExitEnabled', 'isCalibrating', 'serial', 'sensorsCalibration', 'motionSensors', 'tags', 'timer', 'schedules', 'motionConfig', 'doorConfig', 'filtersCleaning', 'serviceSubscriptions', 'roomIsOccupied', 'mainMeasurementsSensor', 'pureBoostConfig', 'warrantyEligible', 'warrantyEligibleUntil', 'features', 'lastHealthcheck', 'homekitSupported', 'remoteCapabilities', 'remote', 'remoteFlavor', 'remoteAlternatives', 'sensiboRemote', 'smartMode', 'measurements', 'accessPoint', 'macAddress', 'autoOffMinutes', 'autoOffEnabled', 'antiMoldTimer', 'antiMoldConfig', 'powerConsumption', 'acType', 'lastRunEnergyConsumption', 'acUsage', 'optimusEnabled', 'optimusInsights', 'organization', 'hasPolicy']
2026-05-01 09:42:43,738 [INFO] Server stoppet
2026-05-01 09:42:47,992 [INFO] ==================================================
2026-05-01 09:42:47,993 [INFO] 2GM Varme backend starter
2026-05-01 09:42:47,996 [INFO] Port: 8765
2026-05-01 09:42:47,997 [INFO] Enhet: Frank's device AC
2026-05-01 09:42:47,998 [INFO] Koordinater: 69.2333, 17.9833
2026-05-01 09:42:47,998 [INFO] ==================================================
2026-05-01 09:42:48,471 [WARNING] Bruker første enhet: bCCMwLk4
2026-05-01 09:42:48,899 [INFO] Sensibo rådata measurements: {"time": {"time": "2024-04-14T09:43:06.611571Z", "secondsAgo": 64533582}, "temperature": 12.1, "humidity": 62.9, "feelsLike": 12.1, "rssi": -64}
2026-05-01 09:42:48,900 [INFO] Sensibo rådata acState: {"timestamp": {"time": "2026-05-01T07:42:48.961422Z", "secondsAgo": 0}, "on": false, "mode": "heat", "targetTemperature": 10, "temperatureUnit": "C", "fanLevel": "medium", "swing": "stopped"}
2026-05-01 09:42:48,907 [INFO] Sensibo: 12.1°C, 62.9%, AC=Av
2026-05-01 09:42:49,323 [INFO] mainMeasurementsSensor: null
2026-05-01 09:42:49,324 [INFO] motionSensors: []
2026-05-01 09:42:49,327 [WARNING] Ingen romsensor-temperatur funnet i motionSensors
2026-05-01 09:42:49,542 [INFO] met.no: ute=7.4°C
2026-05-01 09:42:50,382 [INFO] Server kjører på http://0.0.0.0:8765
2026-05-01 09:42:59,393 [INFO] Server stoppet
2026-05-01 09:43:01,805 [INFO] ==================================================
2026-05-01 09:43:01,806 [INFO] 2GM Varme backend starter
2026-05-01 09:43:01,809 [INFO] Port: 8765
2026-05-01 09:43:01,810 [INFO] Enhet: Frank's device AC
2026-05-01 09:43:01,811 [INFO] Koordinater: 69.2333, 17.9833
2026-05-01 09:43:01,812 [INFO] ==================================================
2026-05-01 09:43:02,286 [WARNING] Bruker første enhet: bCCMwLk4
2026-05-01 09:43:02,716 [INFO] Sensibo rådata measurements: {"time": {"time": "2024-04-14T09:43:06.611571Z", "secondsAgo": 64533596}, "temperature": 12.1, "humidity": 62.9, "feelsLike": 12.1, "rssi": -64}
2026-05-01 09:43:02,717 [INFO] Sensibo rådata acState: {"timestamp": {"time": "2026-05-01T07:43:02.814571Z", "secondsAgo": 0}, "on": false, "mode": "heat", "targetTemperature": 10, "temperatureUnit": "C", "fanLevel": "medium", "swing": "stopped"}
2026-05-01 09:43:02,721 [INFO] Sensibo: 12.1°C, 62.9%, AC=Av
2026-05-01 09:43:03,051 [INFO] mainMeasurementsSensor: null
2026-05-01 09:43:03,051 [INFO] motionSensors: []
2026-05-01 09:43:03,054 [WARNING] Ingen romsensor-temperatur funnet i motionSensors
2026-05-01 09:43:03,248 [INFO] met.no: ute=7.4°C
2026-05-01 09:43:04,082 [INFO] Server kjører på http://0.0.0.0:8765
2026-05-01 09:43:53,687 [INFO] Sensibo rådata measurements: {"time": {"time": "2024-04-14T09:43:06.611571Z", "secondsAgo": 64533647}, "temperature": 12.1, "humidity": 62.9, "feelsLike": 12.1, "rssi": -64}
2026-05-01 09:43:53,688 [INFO] Sensibo rådata acState: {"timestamp": {"time": "2026-05-01T07:43:53.768848Z", "secondsAgo": 0}, "on": false, "mode": "heat", "targetTemperature": 10, "temperatureUnit": "C", "fanLevel": "medium", "swing": "stopped"}
2026-05-01 09:43:53,691 [INFO] Sensibo: 12.1°C, 62.9%, AC=Av
2026-05-01 09:43:54,118 [INFO] mainMeasurementsSensor: null
2026-05-01 09:43:54,118 [INFO] motionSensors: []
2026-05-01 09:43:54,122 [WARNING] Ingen romsensor-temperatur funnet i motionSensors
2026-05-01 09:44:20,172 [INFO] Server stoppet
2026-05-01 09:44:22,682 [INFO] ==================================================
2026-05-01 09:44:22,683 [INFO] 2GM Varme backend starter
2026-05-01 09:44:22,686 [INFO] Port: 8765
2026-05-01 09:44:22,687 [INFO] Enhet: Frank's device AC
2026-05-01 09:44:22,688 [INFO] Koordinater: 69.2333, 17.9833
2026-05-01 09:44:22,689 [INFO] ==================================================
2026-05-01 09:44:23,100 [WARNING] Bruker første enhet: bCCMwLk4
2026-05-01 09:44:23,508 [INFO] Sensibo rådata measurements: {"time": {"time": "2024-04-14T09:43:06.611571Z", "secondsAgo": 64533677}, "temperature": 12.1, "humidity": 62.9, "feelsLike": 12.1, "rssi": -64}
2026-05-01 09:44:23,508 [INFO] Sensibo rådata acState: {"timestamp": {"time": "2026-05-01T07:44:23.586443Z", "secondsAgo": 0}, "on": false, "mode": "heat", "targetTemperature": 10, "temperatureUnit": "C", "fanLevel": "medium", "swing": "stopped"}
2026-05-01 09:44:23,512 [INFO] Sensibo: 12.1°C, 62.9%, AC=Av
2026-05-01 09:44:23,949 [INFO] Alle pods på kontoen: 2 stk
2026-05-01 09:44:23,950 [INFO]   Pod bCCMwLk4 (skyv2) rom=kjeller temp=12.1
2026-05-01 09:44:23,953 [INFO]   Pod YRqRonRH (skyplus) rom=Frank's device temp=24.5
2026-05-01 09:44:24,176 [INFO] met.no: ute=7.4°C
2026-05-01 09:44:25,009 [INFO] Server kjører på http://0.0.0.0:8765
2026-05-01 09:45:14,632 [INFO] Sensibo rådata measurements: {"time": {"time": "2024-04-14T09:43:06.611571Z", "secondsAgo": 64533728}, "temperature": 12.1, "humidity": 62.9, "feelsLike": 12.1, "rssi": -64}
2026-05-01 09:45:14,633 [INFO] Sensibo rådata acState: {"timestamp": {"time": "2026-05-01T07:45:14.692054Z", "secondsAgo": 0}, "on": false, "mode": "heat", "targetTemperature": 10, "temperatureUnit": "C", "fanLevel": "medium", "swing": "stopped"}
2026-05-01 09:45:14,636 [INFO] Sensibo: 12.1°C, 62.9%, AC=Av
2026-05-01 09:45:14,963 [INFO] Alle pods på kontoen: 2 stk
2026-05-01 09:45:14,964 [INFO]   Pod bCCMwLk4 (skyv2) rom=kjeller temp=12.1
2026-05-01 09:45:14,968 [INFO]   Pod YRqRonRH (skyplus) rom=Frank's device temp=24.5
2026-05-01 09:46:05,387 [INFO] Sensibo rådata measurements: {"time": {"time": "2024-04-14T09:43:06.611571Z", "secondsAgo": 64533778}, "temperature": 12.1, "humidity": 62.9, "feelsLike": 12.1, "rssi": -64}
2026-05-01 09:46:22,685 [INFO] Sensibo rådata acState: {"timestamp": {"time": "2026-05-01T07:46:05.480592Z", "secondsAgo": 0}, "on": false, "mode": "heat", "targetTemperature": 10, "temperatureUnit": "C", "fanLevel": "medium", "swing": "stopped"}
2026-05-01 09:46:22,694 [INFO] Sensibo: 12.1°C, 62.9%, AC=Av
2026-05-01 09:46:23,141 [INFO] Alle pods på kontoen: 2 stk
2026-05-01 09:46:23,142 [INFO]   Pod bCCMwLk4 (skyv2) rom=kjeller temp=12.1
2026-05-01 09:46:23,145 [INFO]   Pod YRqRonRH (skyplus) rom=Frank's device temp=24.5
2026-05-01 09:46:25,643 [INFO] Server stoppet
2026-05-01 09:46:28,150 [INFO] ==================================================
2026-05-01 09:46:28,151 [INFO] 2GM Varme backend starter
2026-05-01 09:46:28,156 [INFO] Port: 8765
2026-05-01 09:46:28,159 [INFO] Enhet: Frank's device AC
2026-05-01 09:46:28,166 [INFO] Koordinater: 69.2333, 17.9833
2026-05-01 09:46:28,168 [INFO] ==================================================
2026-05-01 09:46:28,672 [WARNING] Bruker første enhet: bCCMwLk4
2026-05-01 09:46:29,081 [INFO] Sensibo rådata measurements: {"time": {"time": "2024-04-14T09:43:06.611571Z", "secondsAgo": 64533802}, "temperature": 12.1, "humidity": 62.9, "feelsLike": 12.1, "rssi": -64}
2026-05-01 09:46:29,081 [INFO] Sensibo rådata acState: {"timestamp": {"time": "2026-05-01T07:46:29.198475Z", "secondsAgo": 0}, "on": false, "mode": "heat", "targetTemperature": 10, "temperatureUnit": "C", "fanLevel": "medium", "swing": "stopped"}
2026-05-01 09:46:29,085 [INFO] Sensibo: 12.1°C, 62.9%, AC=Av
2026-05-01 09:46:29,479 [INFO] Alle pods på kontoen: 2 stk
2026-05-01 09:46:29,479 [INFO]   Pod bCCMwLk4 (skyv2) rom=kjeller temp=12.1
2026-05-01 09:46:29,483 [INFO]   Pod YRqRonRH (skyplus) rom=Frank's device temp=24.5
2026-05-01 09:46:29,685 [INFO] met.no: ute=7.4°C
2026-05-01 09:46:30,520 [INFO] Server kjører på http://0.0.0.0:8765
2026-05-01 09:47:13,068 [INFO] Server stoppet
2026-05-01 09:47:15,364 [INFO] ==================================================
2026-05-01 09:47:15,365 [INFO] 2GM Varme backend starter
2026-05-01 09:47:15,366 [INFO] Port: 8765
2026-05-01 09:47:15,366 [INFO] Enhet: Frank's device AC
2026-05-01 09:47:15,367 [INFO] Koordinater: 69.2333, 17.9833
2026-05-01 09:47:15,367 [INFO] ==================================================
2026-05-01 09:47:15,826 [WARNING] Bruker første enhet: bCCMwLk4
2026-05-01 09:47:16,237 [INFO] Sensibo rådata measurements: {"time": {"time": "2024-04-14T09:43:06.611571Z", "secondsAgo": 64533849}, "temperature": 12.1, "humidity": 62.9, "feelsLike": 12.1, "rssi": -64}
2026-05-01 09:47:16,238 [INFO] Sensibo rådata acState: {"timestamp": {"time": "2026-05-01T07:47:16.312937Z", "secondsAgo": 0}, "on": false, "mode": "heat", "targetTemperature": 10, "temperatureUnit": "C", "fanLevel": "medium", "swing": "stopped"}
2026-05-01 09:47:16,243 [INFO] Sensibo: 12.1°C, 62.9%, AC=Av
2026-05-01 09:47:16,688 [INFO] Alle pods på kontoen: 2 stk
2026-05-01 09:47:16,689 [INFO]   Pod bCCMwLk4 (skyv2) rom=kjeller temp=12.1
2026-05-01 09:47:16,692 [INFO]   Pod YRqRonRH (skyplus) rom=Frank's device temp=24.5
2026-05-01 09:47:16,879 [INFO] met.no: ute=7.4°C
2026-05-01 09:47:17,719 [INFO] Server kjører på http://0.0.0.0:8765
2026-05-01 09:48:07,230 [INFO] Sensibo rådata measurements: {"time": {"time": "2024-04-14T09:43:06.611571Z", "secondsAgo": 64533900}, "temperature": 12.1, "humidity": 62.9, "feelsLike": 12.1, "rssi": -64}
2026-05-01 09:48:07,231 [INFO] Sensibo rådata acState: {"timestamp": {"time": "2026-05-01T07:48:07.370303Z", "secondsAgo": 0}, "on": false, "mode": "heat", "targetTemperature": 10, "temperatureUnit": "C", "fanLevel": "medium", "swing": "stopped"}
2026-05-01 09:48:07,235 [INFO] Sensibo: 12.1°C, 62.9%, AC=Av
2026-05-01 09:48:07,713 [INFO] Alle pods på kontoen: 2 stk
2026-05-01 09:48:07,714 [INFO]   Pod bCCMwLk4 (skyv2) rom=kjeller temp=12.1
2026-05-01 09:48:07,717 [INFO]   Pod YRqRonRH (skyplus) rom=Frank's device temp=24.5
2026-05-01 09:48:56,833 [INFO] Server stoppet
